# To install git in debian - ubuntu
# update packages

sudo apt-get update

# install git

sudo apt-get install git

# To install git in Redhat - centOS
# install git

sudo yum -y install git

# Set up git 

AzureAD+SushreeSubhalaxmiDas@IBM-PF3CK6WC MINGW64 ~/Documents/DevOps/Git/Git Practice (master)
$ git config --global user.name "niki"

AzureAD+SushreeSubhalaxmiDas@IBM-PF3CK6WC MINGW64 ~/Documents/DevOps/Git/Git Practice (master)
$ git config --global user.email "niki.azure.1998@gmail.com"

# git config list

AzureAD+SushreeSubhalaxmiDas@IBM-PF3CK6WC MINGW64 ~/Documents/DevOps/Git/Git Practice (master)
$ git config --list

# git version

AzureAD+SushreeSubhalaxmiDas@IBM-PF3CK6WC MINGW64 ~/Documents/DevOps/Git/Git Practice (master)
$ git --version
git version 2.40.0.windows.1

# Adding new user

# add new group
groupadd dev

# add new user
useradd -G devs -d /home/gituser -m -s /bin/bash gituser

# change password
[root@CentOS ~]# passwd gituser

# initialize git 

AzureAD+SushreeSubhalaxmiDas@IBM-PF3CK6WC MINGW64 ~/Documents/DevOps/Git/Git Practice (master)
$ git init
Initialized empty Git repository in C:/Users/0009CZ744/Documents/DevOps/Git/Git Practice/.git/

AzureAD+SushreeSubhalaxmiDas@IBM-PF3CK6WC MINGW64 ~/Documents/DevOps/Git/Git Practice (master)
$ ls -la
total 12
drwxr-xr-x 1 AzureAD+SushreeSubhalaxmiDas 4096    0 Oct 18 16:20 ./
drwxr-xr-x 1 AzureAD+SushreeSubhalaxmiDas 4096    0 Oct 18 14:03 ../
drwxr-xr-x 1 AzureAD+SushreeSubhalaxmiDas 4096    0 Oct 18 16:20 .git/
-rw-r--r-- 1 AzureAD+SushreeSubhalaxmiDas 4096 1003 Oct 18 16:15 Practice_documents.txt

# checking status

AzureAD+SushreeSubhalaxmiDas@IBM-PF3CK6WC MINGW64 ~/Documents/DevOps/Git/Git Practice (master)
$ git status
On branch master

No commits yet

Untracked files:
  (use "git add <file>..." to include in what will be committed)
        File1.txt
        Practice_documents.txt

nothing added to commit but untracked files present (use "git add" to track)

# add file to staging area

AzureAD+SushreeSubhalaxmiDas@IBM-PF3CK6WC MINGW64 ~/Documents/DevOps/Git/Git Practice (master)
$ git add File1.txt

AzureAD+SushreeSubhalaxmiDas@IBM-PF3CK6WC MINGW64 ~/Documents/DevOps/Git/Git Practice (master)
$ git status
On branch master

No commits yet

Changes to be committed:
  (use "git rm --cached <file>..." to unstage)
        new file:   File1.txt

Untracked files:
  (use "git add <file>..." to include in what will be committed)
        Practice_documents.txt

# coomit file to local repo from staging area

AzureAD+SushreeSubhalaxmiDas@IBM-PF3CK6WC MINGW64 ~/Documents/DevOps/Git/Git Practice (master)
$ git commit -m 'File1 is being committed.'
[master (root-commit) 77572e9] File1 is being committed.
 1 file changed, 1 insertion(+)
 create mode 100644 File1.txt

AzureAD+SushreeSubhalaxmiDas@IBM-PF3CK6WC MINGW64 ~/Documents/DevOps/Git/Git Practice (master)
$ git status
On branch master
Untracked files:
  (use "git add <file>..." to include in what will be committed)
        Practice_documents.txt

nothing added to commit but untracked files present (use "git add" to track)

###

AzureAD+SushreeSubhalaxmiDas@IBM-PF3CK6WC MINGW64 ~/Documents/DevOps/Git/Git Practice (master)
$ git add File2.txt File3.txt

AzureAD+SushreeSubhalaxmiDas@IBM-PF3CK6WC MINGW64 ~/Documents/DevOps/Git/Git Practice (master)
$ git status
On branch master
Changes to be committed:
  (use "git restore --staged <file>..." to unstage)
        new file:   File2.txt
        new file:   File3.txt


AzureAD+SushreeSubhalaxmiDas@IBM-PF3CK6WC MINGW64 ~/Documents/DevOps/Git/Git Practice (master)
$ git commit -a -m 'Adding all files'
[master ca0bb1d] Adding all files
 2 files changed, 2 insertions(+)
 create mode 100644 File2.txt
 create mode 100644 File3.txt

AzureAD+SushreeSubhalaxmiDas@IBM-PF3CK6WC MINGW64 ~/Documents/DevOps/Git/Git Practice (master)
$ git status
On branch master
nothing to commit, working tree clean

# git log 

AzureAD+SushreeSubhalaxmiDas@IBM-PF3CK6WC MINGW64 ~/Documents/DevOps/Git/Git Practice (master)
$ git log
commit ca0bb1d6e8c7e80da51a69a17cadc50b24bc11e7 (HEAD -> master)
Author: niki <niki.azure.1998@gmail.com>
Date:   Fri Oct 18 17:10:43 2024 +0530

    Adding all files

commit 77572e98fccb25c850c8ffeaea3511e4a4fade0a
Author: niki <niki.azure.1998@gmail.com>
Date:   Fri Oct 18 17:00:02 2024 +0530

    File1 is being committed.

# git diff - review changes made in tracked file

AzureAD+SushreeSubhalaxmiDas@IBM-PF3CK6WC MINGW64 ~/Documents/DevOps/Git/Git Practice (master)
$ vi file1.txt

AzureAD+SushreeSubhalaxmiDas@IBM-PF3CK6WC MINGW64 ~/Documents/DevOps/Git/Git Practice (master)
$ git diff
warning: in the working copy of 'File1.txt', LF will be replaced by CRLF the next time Git touches it
diff --git a/File1.txt b/File1.txt
index b14df64..5dad40c 100644
--- a/File1.txt
+++ b/File1.txt
@@ -1 +1,2 @@
 Hi
+This is optional.

AzureAD+SushreeSubhalaxmiDas@IBM-PF3CK6WC MINGW64 ~/Documents/DevOps/Git/Git Practice (master)
$ git status
On branch master
Changes not staged for commit:
  (use "git add <file>..." to update what will be committed)
  (use "git restore <file>..." to discard changes in working directory)
        modified:   File1.txt

no changes added to commit (use "git add" and/or "git commit -a")

# remove file from repository only

AzureAD+SushreeSubhalaxmiDas@IBM-PF3CK6WC MINGW64 ~/Documents/DevOps/Git/Git Practice (master)
$ git rm --cached File1.txt
rm 'File1.txt'

AzureAD+SushreeSubhalaxmiDas@IBM-PF3CK6WC MINGW64 ~/Documents/DevOps/Git/Git Practice (master)
$ git status
On branch master
Changes to be committed:
  (use "git restore --staged <file>..." to unstage)
        deleted:    File1.txt

Untracked files:
  (use "git add <file>..." to include in what will be committed)
        File1.txt

# remove file from repository & system

AzureAD+SushreeSubhalaxmiDas@IBM-PF3CK6WC MINGW64 ~/Documents/DevOps/Git/Git Practice (master)
$ git rm File1.txt
rm 'File1.txt'

AzureAD+SushreeSubhalaxmiDas@IBM-PF3CK6WC MINGW64 ~/Documents/DevOps/Git/Git Practice (master)
$ ls -la
total 14
drwxr-xr-x 1 AzureAD+SushreeSubhalaxmiDas 4096 0 Oct 21 19:57 ./
drwxr-xr-x 1 AzureAD+SushreeSubhalaxmiDas 4096 0 Oct 18 17:09 ../
drwxr-xr-x 1 AzureAD+SushreeSubhalaxmiDas 4096 0 Oct 21 19:57 .git/
-rw-r--r-- 1 AzureAD+SushreeSubhalaxmiDas 4096 6 Oct 18 17:09 File2.txt
-rw-r--r-- 1 AzureAD+SushreeSubhalaxmiDas 4096 4 Oct 18 17:09 File3.txt

# --amend to modify last commit message

AzureAD+SushreeSubhalaxmiDas@IBM-PF3CK6WC MINGW64 ~/Documents/DevOps/Git/Git Practice (master)
$ git log
commit 1a6179b338166c0d9c69490ef2d2d6611eae0436 (HEAD -> master)
Author: niki <niki.azure.1998@gmail.com>
Date:   Mon Oct 21 19:56:48 2024 +0530

    Readding

commit ca0bb1d6e8c7e80da51a69a17cadc50b24bc11e7
Author: niki <niki.azure.1998@gmail.com>
Date:   Fri Oct 18 17:10:43 2024 +0530

    Adding all files

commit 77572e98fccb25c850c8ffeaea3511e4a4fade0a
Author: niki <niki.azure.1998@gmail.com>
Date:   Fri Oct 18 17:00:02 2024 +0530

    File1 is being committed.

AzureAD+SushreeSubhalaxmiDas@IBM-PF3CK6WC MINGW64 ~/Documents/DevOps/Git/Git Practice (master)
$ git commit --ammend
error: unknown option `ammend'
usage: git commit [-a | --interactive | --patch] [-s] [-v] [-u<mode>] [--amend]
                  [--dry-run] [(-c | -C | --squash) <commit> | --fixup [(amend|reword):]<commit>)]
                  [-F <file> | -m <msg>] [--reset-author] [--allow-empty]
                  [--allow-empty-message] [--no-verify] [-e] [--author=<author>]
                  [--date=<date>] [--cleanup=<mode>] [--[no-]status]
                  [-i | -o] [--pathspec-from-file=<file> [--pathspec-file-nul]]
                  [(--trailer <token>[(=|:)<value>])...] [-S[<keyid>]]
                  [--] [<pathspec>...]

    -q, --quiet           suppress summary after successful commit
    -v, --verbose         show diff in commit message template

Commit message options
    -F, --file <file>     read message from file
    --author <author>     override author for commit
    --date <date>         override date for commit
    -m, --message <message>
                          commit message
    -c, --reedit-message <commit>
                          reuse and edit message from specified commit
    -C, --reuse-message <commit>
                          reuse message from specified commit
    --fixup [(amend|reword):]commit
                          use autosquash formatted message to fixup or amend/reword specified commit
    --squash <commit>     use autosquash formatted message to squash specified commit
    --reset-author        the commit is authored by me now (used with -C/-c/--amend)
    --trailer <trailer>   add custom trailer(s)
    -s, --signoff         add a Signed-off-by trailer
    -t, --template <file>
                          use specified template file
    -e, --edit            force edit of commit
    --cleanup <mode>      how to strip spaces and #comments from message
    --status              include status in commit message template
    -S, --gpg-sign[=<key-id>]
Readding for removal

# Add a remote repo to your local system

AzureAD+SushreeSubhalaxmiDas@IBM-PF3CK6WC MINGW64 ~/Documents/DevOps/Git/Git Practice (master)
$ git remote add origin 'https://github.com/Nikana1998/Git_Practice_Repo.git'

# push local repo to remote repo

AzureAD+SushreeSubhalaxmiDas@IBM-PF3CK6WC MINGW64 ~/Documents/DevOps/Git/Git Practice (master)
$ git push origin master
info: please complete authentication in your browser...
Enumerating objects: 10, done.
Counting objects: 100% (10/10), done.
Delta compression using up to 8 threads
Compressing objects: 100% (6/6), done.
Writing objects: 100% (10/10), 849 bytes | 424.00 KiB/s, done.
Total 10 (delta 1), reused 0 (delta 0), pack-reused 0
remote: Resolving deltas: 100% (1/1), done.
remote:
remote: Create a pull request for 'master' on GitHub by visiting:
remote:      https://github.com/Nikana1998/Git_Practice_Repo/pull/new/master
remote:
To https://github.com/Nikana1998/Git_Practice_Repo.git
 * [new branch]      master -> master

# list the remotes attached to local repo

AzureAD+SushreeSubhalaxmiDas@IBM-PF3CK6WC MINGW64 ~/Documents/DevOps/Git/Git Practice (master)
$ git remote -v
origin  https://github.com/Nikana1998/Practice_Repo.git (fetch)
origin  https://github.com/Nikana1998/Practice_Repo.git (push)

# fetch the change from remote

AzureAD+SushreeSubhalaxmiDas@IBM-PF3CK6WC MINGW64 ~/Documents/DevOps/Git/Git Practice (master)
$ git fetch origin
remote: Enumerating objects: 7, done.
remote: Counting objects: 100% (7/7), done.
remote: Compressing objects: 100% (3/3), done.
remote: Total 6 (delta 1), reused 0 (delta 0), pack-reused 0 (from 0)
Unpacking objects: 100% (6/6), 1.77 KiB | 258.00 KiB/s, done.
From https://github.com/Nikana1998/Practice_Repo
   43e1c2a..2f5767d  master     -> origin/master
 * [new branch]      main       -> origin/main

# pull and save the change from remote

AzureAD+SushreeSubhalaxmiDas@IBM-PF3CK6WC MINGW64 ~/Documents/DevOps/Git/Git Practice (master)
$ git pull origin master
From https://github.com/Nikana1998/Practice_Repo
 * branch            master     -> FETCH_HEAD
Updating 43e1c2a..2f5767d
Fast-forward
 README.md | 1 +
 1 file changed, 1 insertion(+)
 create mode 100644 README.md

# create new branch

AzureAD+SushreeSubhalaxmiDas@IBM-PF3CK6WC MINGW64 ~/Documents/DevOps/Git/Git Practice (master)
$ git branch branch1

# go to new branch

AzureAD+SushreeSubhalaxmiDas@IBM-PF3CK6WC MINGW64 ~/Documents/DevOps/Git/Git Practice (master)
$ git checkout branch1
Switched to branch 'branch1'

# create new branch & go directly to new branch

AzureAD+SushreeSubhalaxmiDas@IBM-PF3CK6WC MINGW64 ~/Documents/DevOps/Git/Git Practice (master)
$ git checkout -b firstbranch
Switched to a new branch 'firstbranch'

# merge a branch in local repo

AzureAD+SushreeSubhalaxmiDas@IBM-PF3CK6WC MINGW64 ~/Documents/DevOps/Git/Git Practice (firstbranch)
$ git checkout master
Switched to branch 'master'
Your branch is up to date with 'origin/master'.

AzureAD+SushreeSubhalaxmiDas@IBM-PF3CK6WC MINGW64 ~/Documents/DevOps/Git/Git Practice (master)
$ git merge firstbranch
Updating 2f5767d..ab78761
Fast-forward
 newfile.txt | 1 +
 1 file changed, 1 insertion(+)
 create mode 100644 newfile.txt

# delete merged branch

AzureAD+SushreeSubhalaxmiDas@IBM-PF3CK6WC MINGW64 ~/Documents/DevOps/Git/Git Practice (master)
$ git branch -d Firstbranch
Deleted branch Firstbranch (was ab78761).

# delete unmerged branch

AzureAD+SushreeSubhalaxmiDas@IBM-PF3CK6WC MINGW64 ~/Documents/DevOps/Git/Git Practice (master)
$ git branch -D branch1
Deleted branch branch1 (was 4d98812).














































[master 6cdbf70] Readding for removal
 Date: Mon Oct 21 19:56:48 2024 +0530
 1 file changed, 1 deletion(-)
 delete mode 100644 File1.txt

AzureAD+SushreeSubhalaxmiDas@IBM-PF3CK6WC MINGW64 ~/Documents/DevOps/Git/Git Practice (master)
$ git log
commit 6cdbf70ba5c96975ddd101c8e3c2635616c08f0d (HEAD -> master)
Author: niki <niki.azure.1998@gmail.com>
Date:   Mon Oct 21 19:56:48 2024 +0530

    Readding for removal

commit ca0bb1d6e8c7e80da51a69a17cadc50b24bc11e7
Author: niki <niki.azure.1998@gmail.com>
Date:   Fri Oct 18 17:10:43 2024 +0530

    Adding all files

commit 77572e98fccb25c850c8ffeaea3511e4a4fade0a
Author: niki <niki.azure.1998@gmail.com>
Date:   Fri Oct 18 17:00:02 2024 +0530

    File1 is being committed.
